// Jest Snapshot v1, https://goo.gl/fbAQLP

exports[`@modal panel checks * close modal checking inner 1`] = `
<Component
  style={
    Object {
      "flex": 1,
    }
  }
>
  <Component>
    <Component>
      Modal Panel Test
    </Component>
  </Component>
  <Button
    onPress={[Function]}
    testID="@modal/show"
    title="Open Modal"
  />
  <Button
    onPress={[Function]}
    testID="@modal/hide-outer"
    title="Hide Modal"
  />
</Component>
`;

exports[`@modal panel checks * close modal checking outer 1`] = `
<Component
  style={
    Object {
      "flex": 1,
    }
  }
>
  <Component>
    <Component>
      Modal Panel Test
    </Component>
  </Component>
  <Button
    onPress={[Function]}
    testID="@modal/show"
    title="Open Modal"
  />
  <Button
    onPress={[Function]}
    testID="@modal/hide-outer"
    title="Hide Modal"
  />
</Component>
`;

exports[`@modal panel checks * modal panel render with props / children checking 1`] = `
<Component
  style={
    Object {
      "flex": 1,
    }
  }
>
  <Component>
    <Component>
      Modal Panel Test
    </Component>
  </Component>
  <Button
    onPress={[Function]}
    testID="@modal/show"
    title="Open Modal"
  />
  <Button
    onPress={[Function]}
    testID="@modal/hide-outer"
    title="Hide Modal"
  />
</Component>
`;

exports[`@modal panel checks * modal panel renders properly 1`] = `
<Component
  style={
    Object {
      "flex": 1,
    }
  }
>
  <Component>
    <Component>
      Modal Panel Test
    </Component>
  </Component>
  <Button
    onPress={[Function]}
    testID="@modal/show"
    title="Open Modal"
  />
  <Button
    onPress={[Function]}
    testID="@modal/hide-outer"
    title="Hide Modal"
  />
</Component>
`;

exports[`@modal-service: service checks * unexpected branch cover 1`] = `
<View
  style={
    Object {
      "flex": 1,
    }
  }
>
  <View>
    <View
      accessible={true}
      isTVSelectable={true}
      onResponderGrant={[Function]}
      onResponderMove={[Function]}
      onResponderRelease={[Function]}
      onResponderTerminate={[Function]}
      onResponderTerminationRequest={[Function]}
      onStartShouldSetResponder={[Function]}
      style={
        Object {
          "opacity": 1,
        }
      }
      testID="@modal/single"
    >
      <Text>
        Show Single Modal
      </Text>
    </View>
    <View
      accessible={true}
      isTVSelectable={true}
      onResponderGrant={[Function]}
      onResponderMove={[Function]}
      onResponderRelease={[Function]}
      onResponderTerminate={[Function]}
      onResponderTerminationRequest={[Function]}
      onStartShouldSetResponder={[Function]}
      style={
        Object {
          "opacity": 1,
        }
      }
      testID="@modal/multiple"
    >
      <Text>
        Show Single Modal
      </Text>
    </View>
    <View
      accessible={true}
      isTVSelectable={true}
      onResponderGrant={[Function]}
      onResponderMove={[Function]}
      onResponderRelease={[Function]}
      onResponderTerminate={[Function]}
      onResponderTerminationRequest={[Function]}
      onStartShouldSetResponder={[Function]}
      style={
        Object {
          "opacity": 1,
        }
      }
      testID="@modal/backdrop"
    >
      <Text>
        Show Back-Drop Allowed Modal
      </Text>
    </View>
  </View>
</View>
`;
