// Jest Snapshot v1, https://goo.gl/fbAQLP

exports[`@app: application wrapper check * renders properly 1`] = `
<View
  style={
    Object {
      "flex": 1,
    }
  }
>
  <View>
    <Text>
      Application Provider
    </Text>
  </View>
</View>
`;
